
> vite_react_shadcn_ts@0.0.0 build
> vite build

[36mvite v5.4.19 [32mbuilding for production...[36m[39m
transforming...
node.exe : Browserslist: browsers 
data (caniuse-lite) is 7 months 
old. Please run:
At line:1 char:1
+ & "C:\Program 
Files\nodejs/node.exe" 
"C:\Users\harishkumar.p2\AppData ...
+ ~~~~~~~~~~~~~~~~~~~~~~~~~~~~~~~~~~
~~~~~~~~~~~~~~~~~~~~~~~~~~~~~~~~~~~
    + CategoryInfo          : NotSp 
   ecified: (Browserslist: b...ld.  
   Please run::String) [], Remote   
 Exception
    + FullyQualifiedErrorId : Nativ 
   eCommandError
 
  npx update-browserslist-db@latest
  Why you should do it regularly: ht
tps://github.com/browserslist/update
-db#readme
[32mΓ£ô[39m 3013 modules transformed.
[31mx[39m Build failed in 4.63s
[31merror during build:
[31msrc/components/team/TeamBrandin
gSettings.tsx (9:9): "Paintbucket" 
is not exported by "node_modules/luc
ide-react/dist/esm/lucide-react.js",
 imported by "src/components/team/Te
amBrandingSettings.tsx".[31m
file: [36mC:/Users/harishkumar.p2/D
ownloads/Side-cric-nest-hub-main/cri
c-nest-hub-main/src/components/team/
TeamBrandingSettings.tsx:9:9[31m
[33m
 7: import { Dialog, DialogContent, 
DialogHeader, DialogTitle, 
DialogTrigger } from 
'@/components/ui/dialog';
 8: import { toast } from 'sonner';
 9: import { Paintbucket, Shirt, 
Image as ImageIcon, Check } from 
'lucide-react';
             ^
10: import { mockDB } from 
'@/services/mockDatabase';
[31m
    at getRollupError (file:///C:/Us
ers/harishkumar.p2/Downloads/Side-cr
ic-nest-hub-main/cric-nest-hub-main/
node_modules/rollup/dist/es/shared/p
arseAst.js:395:41)
    at error (file:///C:/Users/haris
hkumar.p2/Downloads/Side-cric-nest-h
ub-main/cric-nest-hub-main/node_modu
les/rollup/dist/es/shared/parseAst.j
s:391:42)
    at Module.error (file:///C:/User
s/harishkumar.p2/Downloads/Side-cric
-nest-hub-main/cric-nest-hub-main/no
de_modules/rollup/dist/es/shared/nod
e-entry.js:15535:16)
    at Module.traceVariable (file://
/C:/Users/harishkumar.p2/Downloads/S
ide-cric-nest-hub-main/cric-nest-hub
-main/node_modules/rollup/dist/es/sh
ared/node-entry.js:15984:29)
    at ModuleScope.findVariable (fil
e:///C:/Users/harishkumar.p2/Downloa
ds/Side-cric-nest-hub-main/cric-nest
-hub-main/node_modules/rollup/dist/e
s/shared/node-entry.js:13770:39)
    at 
ReturnValueScope.findVariable (file:
///C:/Users/harishkumar.p2/Downloads
/Side-cric-nest-hub-main/cric-nest-h
ub-main/node_modules/rollup/dist/es/
shared/node-entry.js:5252:38)
    at 
FunctionBodyScope.findVariable (file
:///C:/Users/harishkumar.p2/Download
s/Side-cric-nest-hub-main/cric-nest-
hub-main/node_modules/rollup/dist/es
/shared/node-entry.js:5252:38)
    at Identifier.bind (file:///C:/U
sers/harishkumar.p2/Downloads/Side-c
ric-nest-hub-main/cric-nest-hub-main
/node_modules/rollup/dist/es/shared/
node-entry.js:5035:40)
    at CallExpression.bind (file:///
C:/Users/harishkumar.p2/Downloads/Si
de-cric-nest-hub-main/cric-nest-hub-
main/node_modules/rollup/dist/es/sha
red/node-entry.js:2851:28)
    at CallExpression.bind (file:///
C:/Users/harishkumar.p2/Downloads/Si
de-cric-nest-hub-main/cric-nest-hub-
main/node_modules/rollup/dist/es/sha
red/node-entry.js:11235:15)[39m
